============================= test session starts =============================
platform win32 -- Python 3.14.0, pytest-9.0.2, pluggy-1.6.0 -- C:\Users\Lois Adu Yeboah\AppData\Local\Python\pythoncore-3.14-64\python.exe
cachedir: .pytest_cache
rootdir: C:\Users\Lois Adu Yeboah\Desktop\Linkedin -Post-Bot-App\backend
configfile: pytest.ini
plugins: anyio-4.12.0, asyncio-1.3.0
asyncio: mode=Mode.AUTO, debug=False, asyncio_default_fixture_loop_scope=None, asyncio_default_test_loop_scope=function
collecting ... collected 36 items

tests/test_api.py::TestHealthEndpoint::test_health_returns_ok PASSED     [  2%]
tests/test_api.py::TestHealthEndpoint::test_health_response_format PASSED [  5%]
tests/test_api.py::TestTemplatesEndpoint::test_get_templates_returns_list PASSED [  8%]
tests/test_api.py::TestTemplatesEndpoint::test_templates_have_required_fields PASSED [ 11%]
tests/test_api.py::TestTemplatesEndpoint::test_templates_includes_code_release PASSED [ 13%]
tests/test_api.py::TestSettingsEndpoint::test_get_nonexistent_user_settings PASSED [ 16%]
tests/test_api.py::TestSettingsEndpoint::test_settings_endpoint_accepts_user_id PASSED [ 19%]
tests/test_api.py::TestGeneratePreviewEndpoint::test_generate_preview_requires_context PASSED [ 22%]
tests/test_api.py::TestGeneratePreviewEndpoint::test_generate_preview_with_push_context PASSED [ 25%]
tests/test_api.py::TestGitHubScanEndpoint::test_github_scan_requires_user_id PASSED [ 27%]
tests/test_api.py::TestGitHubScanEndpoint::test_github_scan_activity_type_filter PASSED [ 30%]
tests/test_api.py::TestPublishEndpoint::test_publish_test_mode_returns_preview PASSED [ 33%]
tests/test_api.py::TestPublishEndpoint::test_publish_validates_content PASSED [ 36%]
tests/test_api.py::TestCORSConfiguration::test_cors_allows_localhost PASSED [ 38%]
tests/test_services.py::TestGitHubActivityParsing::test_parse_push_event PASSED [ 41%]
tests/test_services.py::TestGitHubActivityParsing::test_parse_push_event_zero_commits_returns_none PASSED [ 44%]
tests/test_services.py::TestGitHubActivityParsing::test_parse_pr_event PASSED [ 47%]
tests/test_services.py::TestGitHubActivityParsing::test_parse_create_repo_event PASSED [ 50%]
tests/test_services.py::TestGitHubActivityParsing::test_parse_unknown_event_returns_none PASSED [ 52%]
tests/test_services.py::TestGitHubActivityParsing::test_parse_event_includes_time_ago PASSED [ 55%]
tests/test_services.py::TestRateLimiting::test_rate_limiter_allows_initial_requests PASSED [ 58%]
tests/test_services.py::TestRateLimiting::test_rate_limiter_blocks_excess_requests PASSED [ 61%]
tests/test_services.py::TestRateLimiting::test_rate_limiter_tracks_per_user PASSED [ 63%]
tests/test_services.py::TestRateLimiting::test_rate_limiter_get_remaining PASSED [ 66%]
tests/test_services.py::TestInputValidation::test_validate_groq_api_key_valid PASSED [ 69%]
tests/test_services.py::TestInputValidation::test_validate_groq_api_key_invalid_prefix PASSED [ 72%]
tests/test_services.py::TestInputValidation::test_validate_groq_api_key_too_short PASSED [ 75%]
tests/test_services.py::TestInputValidation::test_validate_empty_api_key PASSED [ 77%]
tests/test_services.py::TestInputValidation::test_validate_github_username_valid PASSED [ 80%]
tests/test_services.py::TestInputValidation::test_validate_github_username_invalid PASSED [ 83%]
tests/test_services.py::TestInputValidation::test_sanitize_input_removes_null_bytes PASSED [ 86%]
tests/test_services.py::TestInputValidation::test_sanitize_input_truncates_long_text PASSED [ 88%]
tests/test_services.py::TestTokenStore::test_init_db_creates_table PASSED [ 91%]
tests/test_services.py::TestTokenStore::test_save_and_get_token PASSED   [ 94%]
tests/test_services.py::TestAIServicePrompts::test_push_context_generates_prompt PASSED [ 97%]
tests/test_services.py::TestAIServicePrompts::test_pr_context_has_required_fields PASSED [100%]

============================= 36 passed in 6.72s ==============================
